// Jest Snapshot v1, https://goo.gl/fbAQLP

exports[`FourOhFour Matches snapshot 1`] = `
<div>
  <div
    class="headroom-wrapper"
  >
    <div
      class="headroom headroom--unfixed"
      style="position: relative; top: 0px; left: 0px; right: 0px; z-index: 1; transform: translate3D(0, 0, 0);"
    >
      <div
        class="sc-AxjAm fEzfgO"
      >
        <a
          class="sc-AxhUy bILkkK"
          href="/"
        >
          <h1>
            Test title
          </h1>
        </a>
        <span
          class="sc-AxirZ gtVPNy"
          style="transform: rotate(0deg);"
        >
          &gt;
        </span>
      </div>
    </div>
  </div>
  <div
    class="sc-AxiKw jmqPVm"
  >
    <div
      class="sc-AxheI gPjnvY"
    >
      <div
        class="sc-Axmtr bTYAps"
      >
        <div
          class="sc-AxmLO cPYpmX"
        >
          <div>
            ¯\\_(ツ)_/¯
          </div>
          <div>
            Nothing to see here folks!
          </div>
          <a
            class="sc-fzozJi fXfTPr"
            href="/"
          >
            Take me back
            <span
              aria-label="back"
              class="sc-fzoLsD jZFiWX"
              role="img"
            >
              🔙
            </span>
          </a>
        </div>
      </div>
    </div>
    <div
      class="sc-AxhCb hiaasQ"
      style="width: 0px;"
    >
      <a
        class="sc-AxhUy sc-AxgMl bPxeHq"
        href="/contact/"
      >
        Contact
      </a>
    </div>
  </div>
</div>
`;
