// Jest Snapshot v1, https://goo.gl/fbAQLP

exports[`Review Matches snapshot 1`] = `
<div>
  <div
    class="headroom-wrapper"
  >
    <div
      class="headroom headroom--unfixed"
      style="position: relative; top: 0px; left: 0px; right: 0px; z-index: 1; transform: translate3D(0, 0, 0);"
    >
      <div
        class="sc-AxjAm fEzfgO"
      >
        <a
          class="sc-AxhUy bILkkK"
          href="/"
        >
          <h1>
            Test title
          </h1>
        </a>
        <span
          class="sc-AxirZ gtVPNy"
          style="transform: rotate(0deg);"
        >
          &gt;
        </span>
      </div>
    </div>
  </div>
  <div
    class="sc-AxiKw jmqPVm"
  >
    <div
      class="sc-AxheI gPjnvY"
    >
      <div
        class="sc-AxmLO iaLYmk"
      >
        <div
          class="sc-fzozJi sc-fzpans fNCGum"
        >
          <div
            class="sc-fzplWN hNmndR gatsby-image-wrapper"
            style="position: relative; overflow: hidden;"
          >
            <div
              aria-hidden="true"
              style="width: 100%;"
            />
            <picture>
              <source />
              <img
                alt=""
                loading="lazy"
                style="position: absolute; top: 0px; left: 0px; width: 100%; height: 100%; object-fit: contain; object-position: center; opacity: 0; transition: opacity 500ms;"
              />
            </picture>
            <noscript>
              &lt;picture&gt;&lt;source srcset="undefined" /&gt;&lt;img loading="lazy" src="" alt="" style="position:absolute;top:0;left:0;opacity:1;width:100%;height:100%;object-fit:cover;object-position:center"/&gt;&lt;/picture&gt;
            </noscript>
          </div>
          <div
            class="sc-fznyAO CKzus"
          >
            <span
              class="sc-fznKkj iPQuDl"
            >
              <strong>
                Attribute1
                :
              </strong>
               
              test Value
            </span>
            <span
              class="sc-fznKkj iPQuDl"
            >
              <strong>
                Attrivbute2
                :
              </strong>
               
              test value2
            </span>
          </div>
        </div>
        <div
          class="sc-fzozJi sc-fzoLsD jwyEOV"
        >
          <div>
            <h1>
              Test title
            </h1>
            <div>
              Child
            </div>
          </div>
        </div>
      </div>
    </div>
    <div
      class="sc-AxhCb jDuQaB"
    />
  </div>
</div>
`;
