// Jest Snapshot v1, https://goo.gl/fbAQLP

exports[`TextInput Matches snapshot 1`] = `
<div>
  <form
    action="#"
  >
    <div
      class="sc-AxjAm cKYGmA"
    >
      <label
        class="sc-AxirZ ktnnZK"
        for="test-input"
      >
        test label
      </label>
      <input
        class="sc-AxiKw hSLCUF"
        id="test-input"
        name="test-input"
        value=""
      />
    </div>
    );
  </form>
</div>
`;
